??Next.js 16.1.6 (Turbopack)
- Environments: .env.local

  Creating an optimized production build ...
node.exe : 
위치 줄:1 문자:1
+ & "C:\Program Files
\nodejs/node.exe" "C:
\Program Files\nodejs
/node_mo ...
+ ~~~~~~~~~~~~~~~~~~~
~~~~~~~~~~~~~~~~~~~~~
~~~~~~~~~~~~~~~~~~~~~
~~~~~~~~
    + CategoryInfo   
           : NotSpe  
  cified: (:String   
 ) [], RemoteExce    
ption
    + FullyQualified 
   ErrorId : Native  
  CommandError
 
> Build error occurre
d
Error: Turbopack buil
d failed with 1 error
s:
./src/lib/supabase/st
orage.ts:2:1
Module not found: Can
't resolve 'uuid'
[0m [90m 1 |[39m 
[36mimport[39m { cre
ateClient } [36mfrom
[39m [32m'./client'
[39m
[31m[1m>[22m[39m
[90m 2 |[39m [36mim
port[39m { v4 [36ma
s[39m uuidv4 } [36m
from[39m [32m'uuid'
[39m
 [90m   |[39m [31m
[1m^[22m[39m[31m
[1m^[22m[39m[31m[
1m^[22m[39m[31m[1
m^[22m[39m[31m[1m
^[22m[39m[31m[1m^
[22m[39m[31m[1m^
[22m[39m[31m[1m^[
22m[39m[31m[1m^[2
2m[39m[31m[1m^[22
m[39m[31m[1m^[22m
[39m[31m[1m^[22m
[39m[31m[1m^[22m[
39m[31m[1m^[22m[3
9m[31m[1m^[22m[39
m[31m[1m^[22m[39m
[31m[1m^[22m[39m
[31m[1m^[22m[39m[
31m[1m^[22m[39m[3
1m[1m^[22m[39m[31
m[1m^[22m[39m[31m
[1m^[22m[39m[31m
[1m^[22m[39m[31m[
1m^[22m[39m[31m[1
m^[22m[39m[31m[1m
^[22m[39m[31m[1m^
[22m[39m[31m[1m^
[22m[39m[31m[1m^[
22m[39m[31m[1m^[2
2m[39m[31m[1m^[22
m[39m[31m[1m^[22m
[39m[31m[1m^[22m
[39m[31m[1m^[22m[
39m[31m[1m^[22m[3
9m
 [90m 3 |[39m
 [90m 4 |[39m [36m
export[39m [36masyn
c[39m [36mfunction
[39m uploadImage(file
[33m:[39m [33mFile
[39m)[33m:[39m [3
3mPromise[39m[33m<
[39m[33mstring[39m 
[33m|[39m [36mnull
[39m[33m>[39m {
 [90m 5 |[39m   [3
6mconst[39m supabase
 [33m=[39m createCl
ient()[0m



Import traces:
  Client Component Br
owser:
    ./src/lib/supabas
e/storage.ts [Client 
Component Browser]
    ./src/components/
board/Editor.tsx [Cli
ent Component Browser
]
    ./src/app/board/[
category]/write/page.
tsx [Client Component
 Browser]
    ./src/app/board/[
category]/write/page.
tsx [Server Component
]

  Client Component SS
R:
    ./src/lib/supabas
e/storage.ts [Client 
Component SSR]
    ./src/components/
board/Editor.tsx [Cli
ent Component SSR]
    ./src/app/board/[
category]/write/page.
tsx [Client Component
 SSR]
    ./src/app/board/[
category]/write/page.
tsx [Server Component
]

https://nextjs.org/do
cs/messages/module-no
t-found


    at <unknown> (./s
rc/lib/supabase/stora
ge.ts:2:1)
    at <unknown> (htt
ps://nextjs.org/docs/
messages/module-not-f
ound)
